------------------------------------------------------------
Timing Analyzer Summary
------------------------------------------------------------

Type  : Slow 1100mV 85C Model Setup 'KEY[0]'
Slack : -0.310
TNS   : -1.805

Type  : Slow 1100mV 85C Model Hold 'KEY[0]'
Slack : 0.402
TNS   : 0.000

Type  : Slow 1100mV 85C Model Minimum Pulse Width 'KEY[0]'
Slack : -0.538
TNS   : -7.117

Type  : Slow 1100mV 0C Model Setup 'KEY[0]'
Slack : -0.394
TNS   : -2.287

Type  : Slow 1100mV 0C Model Hold 'KEY[0]'
Slack : 0.383
TNS   : 0.000

Type  : Slow 1100mV 0C Model Minimum Pulse Width 'KEY[0]'
Slack : -0.538
TNS   : -6.731

Type  : Fast 1100mV 85C Model Setup 'KEY[0]'
Slack : 0.394
TNS   : 0.000

Type  : Fast 1100mV 85C Model Hold 'KEY[0]'
Slack : 0.188
TNS   : 0.000

Type  : Fast 1100mV 85C Model Minimum Pulse Width 'KEY[0]'
Slack : -0.574
TNS   : -6.417

Type  : Fast 1100mV 0C Model Setup 'KEY[0]'
Slack : 0.417
TNS   : 0.000

Type  : Fast 1100mV 0C Model Hold 'KEY[0]'
Slack : 0.174
TNS   : 0.000

Type  : Fast 1100mV 0C Model Minimum Pulse Width 'KEY[0]'
Slack : -0.609
TNS   : -7.089

------------------------------------------------------------
