------------------------------------------------------------
Timing Analyzer Summary
------------------------------------------------------------

Type  : Slow 1100mV 85C Model Setup 'KEY[0]'
Slack : -5.306
TNS   : -200.584

Type  : Slow 1100mV 85C Model Setup 'CLOCK_50'
Slack : -2.950
TNS   : -2.950

Type  : Slow 1100mV 85C Model Hold 'KEY[0]'
Slack : 0.658
TNS   : 0.000

Type  : Slow 1100mV 85C Model Hold 'CLOCK_50'
Slack : 0.725
TNS   : 0.000

Type  : Slow 1100mV 85C Model Minimum Pulse Width 'CLOCK_50'
Slack : -0.718
TNS   : -1.256

Type  : Slow 1100mV 85C Model Minimum Pulse Width 'KEY[0]'
Slack : -0.541
TNS   : -55.543

Type  : Slow 1100mV 0C Model Setup 'KEY[0]'
Slack : -5.319
TNS   : -195.897

Type  : Slow 1100mV 0C Model Setup 'CLOCK_50'
Slack : -2.918
TNS   : -2.918

Type  : Slow 1100mV 0C Model Hold 'CLOCK_50'
Slack : 0.594
TNS   : 0.000

Type  : Slow 1100mV 0C Model Hold 'KEY[0]'
Slack : 0.681
TNS   : 0.000

Type  : Slow 1100mV 0C Model Minimum Pulse Width 'CLOCK_50'
Slack : -0.716
TNS   : -1.275

Type  : Slow 1100mV 0C Model Minimum Pulse Width 'KEY[0]'
Slack : -0.601
TNS   : -60.762

Type  : Fast 1100mV 85C Model Setup 'CLOCK_50'
Slack : -2.297
TNS   : -2.297

Type  : Fast 1100mV 85C Model Setup 'KEY[0]'
Slack : -2.232
TNS   : -77.875

Type  : Fast 1100mV 85C Model Hold 'KEY[0]'
Slack : 0.232
TNS   : 0.000

Type  : Fast 1100mV 85C Model Hold 'CLOCK_50'
Slack : 0.262
TNS   : 0.000

Type  : Fast 1100mV 85C Model Minimum Pulse Width 'CLOCK_50'
Slack : -0.767
TNS   : -1.351

Type  : Fast 1100mV 85C Model Minimum Pulse Width 'KEY[0]'
Slack : -0.693
TNS   : -55.427

Type  : Fast 1100mV 0C Model Setup 'CLOCK_50'
Slack : -2.161
TNS   : -2.161

Type  : Fast 1100mV 0C Model Setup 'KEY[0]'
Slack : -2.011
TNS   : -67.825

Type  : Fast 1100mV 0C Model Hold 'CLOCK_50'
Slack : 0.155
TNS   : 0.000

Type  : Fast 1100mV 0C Model Hold 'KEY[0]'
Slack : 0.209
TNS   : 0.000

Type  : Fast 1100mV 0C Model Minimum Pulse Width 'CLOCK_50'
Slack : -0.764
TNS   : -1.403

Type  : Fast 1100mV 0C Model Minimum Pulse Width 'KEY[0]'
Slack : -0.737
TNS   : -60.296

------------------------------------------------------------
