------------------------------------------------------------
Timing Analyzer Summary
------------------------------------------------------------

Type  : Slow 1100mV 85C Model Setup 'KEY[0]'
Slack : -4.971
TNS   : -124.129

Type  : Slow 1100mV 85C Model Hold 'KEY[0]'
Slack : 0.354
TNS   : 0.000

Type  : Slow 1100mV 85C Model Minimum Pulse Width 'KEY[0]'
Slack : -0.593
TNS   : -48.480

Type  : Slow 1100mV 0C Model Setup 'KEY[0]'
Slack : -5.127
TNS   : -124.239

Type  : Slow 1100mV 0C Model Hold 'KEY[0]'
Slack : 0.335
TNS   : 0.000

Type  : Slow 1100mV 0C Model Minimum Pulse Width 'KEY[0]'
Slack : -0.538
TNS   : -45.865

Type  : Fast 1100mV 85C Model Setup 'KEY[0]'
Slack : -1.767
TNS   : -36.187

Type  : Fast 1100mV 85C Model Hold 'KEY[0]'
Slack : 0.176
TNS   : 0.000

Type  : Fast 1100mV 85C Model Minimum Pulse Width 'KEY[0]'
Slack : -0.669
TNS   : -43.378

Type  : Fast 1100mV 0C Model Setup 'KEY[0]'
Slack : -1.597
TNS   : -30.339

Type  : Fast 1100mV 0C Model Hold 'KEY[0]'
Slack : 0.160
TNS   : 0.000

Type  : Fast 1100mV 0C Model Minimum Pulse Width 'KEY[0]'
Slack : -0.670
TNS   : -43.890

------------------------------------------------------------
